# Synthetic test data - not a physical measurement
frequency magnitude phase
20.00000 -0.00000 -0.00509
21.82753 -0.00000 -0.00607
23.82206 -0.00000 -0.00723
25.99884 -0.00000 -0.00861
28.37453 -0.00000 -0.01025
30.96731 -0.00000 -0.01221
33.79700 -0.00000 -0.01454
36.88525 -0.00000 -0.01732
40.25571 -0.00000 -0.02063
43.93414 -0.00000 -0.02458
47.94870 -0.00000 -0.02927
52.33009 -0.00000 -0.03487
57.11185 -0.00000 -0.04153
62.33054 -0.00000 -0.04947
68.02610 -0.00000 -0.05892
74.24210 -0.00000 -0.07018
81.02610 -0.00000 -0.08359
88.43000 -0.00000 -0.09957
96.51044 -0.00000 -0.11859
105.32925 -0.00001 -0.14126
114.95389 -0.00001 -0.16825
125.45800 -0.00001 -0.20040
136.92194 -0.00002 -0.23870
149.43341 -0.00003 -0.28432
163.08815 -0.00004 -0.33865
177.99061 -0.00005 -0.40337
194.25480 -0.00008 -0.48045
212.00517 -0.00011 -0.57227
231.37751 -0.00015 -0.68163
252.52002 -0.00022 -0.81188
275.59447 -0.00031 -0.96703
300.77739 -0.00044 -1.15182
328.26144 -0.00062 -1.37192
358.25689 -0.00088 -1.63407
390.99323 -0.00125 -1.94629
426.72091 -0.00178 -2.31813
465.71326 -0.00252 -2.76098
508.26861 -0.00358 -3.28835
554.71252 -0.00507 -3.91631
605.40033 -0.00720 -4.66397
660.71982 -0.01021 -5.55398
721.09423 -0.01447 -6.61320
786.98545 -0.02052 -7.87335
858.89760 -0.02908 -9.37180
937.38084 -0.04120 -11.15239
1023.03562 -0.05834 -13.26616
1116.51725 -0.08253 -15.77199
1218.54093 -0.11663 -18.73681
1329.88720 -0.16455 -22.23519
1451.40792 -0.23165 -26.34754
1584.03281 -0.32509 -31.15647
1728.77652 -0.45430 -36.74000
1886.74644 -0.63126 -43.16103
2059.15113 -0.87056 -50.45237
2247.30960 -1.18891 -58.59841
2452.66137 -1.60394 -67.51708
2676.77751 -2.13203 -77.04845
2921.37264 -2.78574 -86.95803
3188.31807 -3.57122 -96.95930
3479.65611 -4.48695 -106.75243
3797.61565 -5.52399 -116.06742
4144.62929 -6.66798 -124.69745
4523.35190 -7.90173 -132.51374
4936.68093 -9.20778 -139.46222
5387.77862 -10.57015 -145.54855
5880.09613 -11.97525 -150.81940
6417.39999 -13.41213 -155.34516
7003.80092 -14.87229 -159.20667
7643.78524 -16.34933 -162.48629
8342.24922 -17.83851 -165.26246
9104.53655 -19.33636 -167.60685
9936.47919 -20.84039 -169.58327
10844.44201 -22.34880 -171.24744
11835.37150 -23.86032 -172.64750
12916.84886 -25.37403 -173.82465
14097.14807 -26.88930 -174.81396
15385.29915 -28.40566 -175.64514
16791.15724 -29.92280 -176.34332
18325.47802 -31.44048 -176.92970
20000.00000 -32.95855 -177.42212
