# Synthetic test data - not a physical measurement
frequency magnitude phase
20.00000 -66.12850 179.94341
21.82753 -64.60951 179.93260
23.82206 -63.09053 179.91972
25.99884 -61.57154 179.90437
28.37453 -60.05256 179.88610
30.96731 -58.53357 179.86433
33.79700 -57.01459 179.83841
36.88525 -55.49560 179.80753
40.25571 -53.97662 179.77074
43.93414 -52.45764 179.72693
47.94870 -50.93866 179.67475
52.33009 -49.41969 179.61259
57.11185 -47.90072 179.53856
62.33054 -46.38177 179.45038
68.02610 -44.86282 179.34534
74.24210 -43.34389 179.22024
81.02610 -41.82499 179.07123
88.43000 -40.30612 178.89375
96.51044 -38.78730 178.68236
105.32925 -37.26856 178.43058
114.95389 -35.74991 178.13071
125.45800 -34.23141 177.77357
136.92194 -32.71310 177.34823
149.43341 -31.19509 176.84170
163.08815 -29.67748 176.23854
177.99061 -28.16046 175.52039
194.25480 -26.64424 174.66546
212.00517 -25.12919 173.64793
231.37751 -23.61579 172.43727
252.52002 -22.10470 170.99747
275.59447 -20.59690 169.28627
300.77739 -19.09373 167.25435
328.26144 -17.59709 164.84469
358.25689 -16.10961 161.99219
390.99323 -14.63494 158.62396
426.72091 -13.17806 154.66068
465.71326 -11.74568 150.01980
508.26861 -10.34668 144.62144
554.71252 -8.99243 138.39804
605.40033 -7.69692 131.30831
660.71982 -6.47648 123.35497
721.09423 -5.34866 114.60339
786.98545 -4.33037 105.19515
858.89760 -3.43527 95.34880
937.38084 -2.67120 85.34185
1023.03562 -2.03841 75.47496
1116.51725 -1.52958 66.02854
1218.54093 -1.13135 57.22605
1329.88720 -0.82697 49.21455
1451.40792 -0.59884 42.06436
1584.03281 -0.43052 35.78194
1728.77652 -0.30783 30.32846
1886.74644 -0.21923 25.63766
2059.15113 -0.15567 21.63017
2247.30960 -0.11030 18.22338
2452.66137 -0.07804 15.33763
2676.77751 -0.05515 12.89951
2921.37264 -0.03895 10.84338
3188.31807 -0.02749 9.11166
3479.65611 -0.01939 7.65453
3797.61565 -0.01368 6.42924
4144.62929 -0.00965 5.39939
4523.35190 -0.00680 4.53409
4936.68093 -0.00479 3.80722
5387.77862 -0.00338 3.19673
5880.09613 -0.00238 2.68404
6417.39999 -0.00168 2.25353
7003.80092 -0.00118 1.89204
7643.78524 -0.00083 1.58852
8342.24922 -0.00059 1.33368
9104.53655 -0.00041 1.11972
9936.47919 -0.00029 0.94008
10844.44201 -0.00021 0.78925
11835.37150 -0.00015 0.66263
12916.84886 -0.00010 0.55632
14097.14807 -0.00007 0.46706
15385.29915 -0.00005 0.39212
16791.15724 -0.00004 0.32921
18325.47802 -0.00003 0.27639
20000.00000 -0.00002 0.23205
